Loading VAE (BF16)...
CPU BF16 reference decode...
  cpu decode: 12.88s, out (1, 3, 1024, 1024)
Tracing on Neuron (compile)...
.
2026-09-10T10:20:15Z [INTERNAL_ERROR] [NCC_IXTP002] Number of instructions (10190333) is over the threshold (10000000). Tiling could potentially do a better job. - Please open a support ticket at https://github.com/aws-neuron/aws-neuron-sdk/issues/new. You may also be able to obtain more information using the 'XLA_IR_DEBUG' and 'XLA_HLO_DEBUG' environment variables.
Traceback (most recent call last):
  File "/mnt/nvme/flux2-klein/src/trace_vae_neuron.py", line 103, in <module>
    main()
  File "/mnt/nvme/flux2-klein/src/trace_vae_neuron.py", line 60, in main
    traced = torch_neuronx.trace(
             ^^^^^^^^^^^^^^^^^^^^
  File "/opt/aws_neuronx_venv_pytorch_2_9_nxd_inference/lib/python3.12/site-packages/torch_neuronx/xla_impl/trace.py", line 603, in trace
    neff_filename, metaneff, flattener, packer, weights = _trace(
                                                          ^^^^^^^
  File "/opt/aws_neuronx_venv_pytorch_2_9_nxd_inference/lib/python3.12/site-packages/torch_neuronx/xla_impl/trace.py", line 683, in _trace
    neff_artifacts = generate_neff(
                     ^^^^^^^^^^^^^^
  File "/opt/aws_neuronx_venv_pytorch_2_9_nxd_inference/lib/python3.12/site-packages/torch_neuronx/xla_impl/trace.py", line 518, in generate_neff
    neff_filename = hlo_compile(
                    ^^^^^^^^^^^^
  File "/opt/aws_neuronx_venv_pytorch_2_9_nxd_inference/lib/python3.12/site-packages/torch_neuronx/xla_impl/trace.py", line 341, in hlo_compile
    raise RuntimeError(f"neuronx-cc failed with {status}")
RuntimeError: neuronx-cc failed with 70
